<div class="science-app" data-app-name="temp">
  <h2>Hello AIP Science App!</h2>
</div>
